2026-06-26 17:02:24,667 | INFO | Run directory: /media/amax/c08a625b-023d-436f-b33e-9652dc1bc7c02/DATA/yanzikang/All_Projects/raw/Operator_QHeat/enhace_baseline/PNOT-base/PNOT4-xr/Ablation/runs/05_full_pnot4/05_full_pnot4_20260626_170224
2026-06-26 17:02:24,667 | INFO | Device: cuda:4
2026-06-26 17:02:29,186 | INFO | Model parameters: 671887
2026-06-26 17:02:29,186 | INFO | Dataset split sizes | train=560 val=70 test=70
2026-06-26 17:02:29,186 | INFO | Loss config | sobolev_weight=0.01 sobolev_k=4 sobolev_eps=1e-06
2026-06-26 17:02:54,430 | INFO | Epoch 001 | train_loss=0.429114 | train_mse=0.406647 | train_sobolev=2.246753 | val_loss=0.191882 | val_rel_l2=0.337497 | val_mae=54.552077 | time=25s
2026-06-26 17:03:09,661 | INFO | Epoch 002 | train_loss=0.113529 | train_mse=0.104717 | train_sobolev=0.881213 | val_loss=0.037191 | val_rel_l2=0.147957 | val_mae=21.678569 | time=15s
2026-06-26 17:03:26,542 | INFO | Epoch 003 | train_loss=0.059939 | train_mse=0.053032 | train_sobolev=0.690663 | val_loss=0.014298 | val_rel_l2=0.085048 | val_mae=13.344670 | time=16s
2026-06-26 17:03:41,842 | INFO | Epoch 004 | train_loss=0.021725 | train_mse=0.018250 | train_sobolev=0.347525 | val_loss=0.006009 | val_rel_l2=0.055560 | val_mae=9.276539 | time=15s
2026-06-26 17:03:59,316 | INFO | Epoch 005 | train_loss=0.022596 | train_mse=0.019191 | train_sobolev=0.340458 | val_loss=0.007463 | val_rel_l2=0.071271 | val_mae=10.852539 | time=17s
2026-06-26 17:04:14,739 | INFO | Epoch 006 | train_loss=0.012741 | train_mse=0.010028 | train_sobolev=0.271316 | val_loss=0.004085 | val_rel_l2=0.043657 | val_mae=7.611518 | time=15s
2026-06-26 17:04:27,259 | INFO | Epoch 007 | train_loss=0.017697 | train_mse=0.014864 | train_sobolev=0.283214 | val_loss=0.004212 | val_rel_l2=0.042893 | val_mae=7.681698 | time=12s
2026-06-26 17:04:39,384 | INFO | Epoch 008 | train_loss=0.010377 | train_mse=0.007952 | train_sobolev=0.242445 | val_loss=0.005060 | val_rel_l2=0.059062 | val_mae=9.074526 | time=12s
2026-06-26 17:04:51,501 | INFO | Epoch 009 | train_loss=0.019770 | train_mse=0.017021 | train_sobolev=0.274909 | val_loss=0.010027 | val_rel_l2=0.089265 | val_mae=12.353377 | time=11s
2026-06-26 17:05:04,020 | INFO | Epoch 010 | train_loss=0.014625 | train_mse=0.012103 | train_sobolev=0.252215 | val_loss=0.003506 | val_rel_l2=0.041312 | val_mae=6.971657 | time=12s
2026-06-26 17:05:16,591 | INFO | Epoch 011 | train_loss=0.012868 | train_mse=0.010541 | train_sobolev=0.232700 | val_loss=0.006120 | val_rel_l2=0.065583 | val_mae=9.791349 | time=12s
2026-06-26 17:05:31,300 | INFO | Epoch 012 | train_loss=0.014644 | train_mse=0.012124 | train_sobolev=0.252035 | val_loss=0.016911 | val_rel_l2=0.111459 | val_mae=16.979052 | time=14s
2026-06-26 17:05:43,421 | INFO | Epoch 013 | train_loss=0.009450 | train_mse=0.007380 | train_sobolev=0.207008 | val_loss=0.003036 | val_rel_l2=0.049435 | val_mae=6.809981 | time=12s
2026-06-26 17:05:56,049 | INFO | Epoch 014 | train_loss=0.021908 | train_mse=0.019488 | train_sobolev=0.241972 | val_loss=0.060365 | val_rel_l2=0.137967 | val_mae=24.057680 | time=12s
2026-06-26 17:06:08,626 | INFO | Epoch 015 | train_loss=0.017250 | train_mse=0.014731 | train_sobolev=0.251977 | val_loss=0.005056 | val_rel_l2=0.043843 | val_mae=8.722568 | time=12s
2026-06-26 17:06:21,272 | INFO | Epoch 016 | train_loss=0.012087 | train_mse=0.009969 | train_sobolev=0.211841 | val_loss=0.003916 | val_rel_l2=0.051096 | val_mae=7.884202 | time=12s
2026-06-26 17:06:33,527 | INFO | Epoch 017 | train_loss=0.011581 | train_mse=0.009460 | train_sobolev=0.212086 | val_loss=0.003947 | val_rel_l2=0.044076 | val_mae=7.646913 | time=12s
2026-06-26 17:06:45,643 | INFO | Epoch 018 | train_loss=0.006458 | train_mse=0.004852 | train_sobolev=0.160572 | val_loss=0.001595 | val_rel_l2=0.032231 | val_mae=4.738000 | time=12s
2026-06-26 17:06:58,354 | INFO | Epoch 019 | train_loss=0.005036 | train_mse=0.003562 | train_sobolev=0.147439 | val_loss=0.004185 | val_rel_l2=0.048495 | val_mae=7.955773 | time=12s
2026-06-26 17:07:10,620 | INFO | Epoch 020 | train_loss=0.005796 | train_mse=0.004278 | train_sobolev=0.151746 | val_loss=0.006258 | val_rel_l2=0.042229 | val_mae=8.290183 | time=12s
2026-06-26 17:07:23,109 | INFO | Epoch 021 | train_loss=0.040126 | train_mse=0.036792 | train_sobolev=0.333436 | val_loss=0.108383 | val_rel_l2=0.206944 | val_mae=41.759917 | time=12s
2026-06-26 17:07:37,514 | INFO | Epoch 022 | train_loss=0.047727 | train_mse=0.042822 | train_sobolev=0.490489 | val_loss=0.014770 | val_rel_l2=0.126091 | val_mae=17.201902 | time=14s
2026-06-26 17:07:50,569 | INFO | Epoch 023 | train_loss=0.009145 | train_mse=0.007104 | train_sobolev=0.204094 | val_loss=0.003040 | val_rel_l2=0.050873 | val_mae=7.228265 | time=12s
2026-06-26 17:08:04,833 | INFO | Epoch 024 | train_loss=0.009776 | train_mse=0.007964 | train_sobolev=0.181259 | val_loss=0.005179 | val_rel_l2=0.066865 | val_mae=9.357025 | time=14s
2026-06-26 17:08:16,987 | INFO | Epoch 025 | train_loss=0.005139 | train_mse=0.003650 | train_sobolev=0.148836 | val_loss=0.002821 | val_rel_l2=0.035423 | val_mae=6.353694 | time=12s
2026-06-26 17:08:29,255 | INFO | Epoch 026 | train_loss=0.005924 | train_mse=0.004519 | train_sobolev=0.140523 | val_loss=0.001446 | val_rel_l2=0.031193 | val_mae=4.493078 | time=12s
2026-06-26 17:08:41,592 | INFO | Epoch 027 | train_loss=0.003608 | train_mse=0.002390 | train_sobolev=0.121729 | val_loss=0.001739 | val_rel_l2=0.033116 | val_mae=5.264154 | time=12s
2026-06-26 17:08:53,660 | INFO | Epoch 028 | train_loss=0.003454 | train_mse=0.002238 | train_sobolev=0.121601 | val_loss=0.004771 | val_rel_l2=0.063146 | val_mae=9.212124 | time=11s
2026-06-26 17:09:06,155 | INFO | Epoch 029 | train_loss=0.016923 | train_mse=0.014949 | train_sobolev=0.197404 | val_loss=0.005421 | val_rel_l2=0.062930 | val_mae=9.764468 | time=12s
2026-06-26 17:09:18,542 | INFO | Epoch 030 | train_loss=0.005562 | train_mse=0.004175 | train_sobolev=0.138693 | val_loss=0.000781 | val_rel_l2=0.024632 | val_mae=3.470496 | time=12s
2026-06-26 17:09:31,845 | INFO | Epoch 031 | train_loss=0.003919 | train_mse=0.002724 | train_sobolev=0.119571 | val_loss=0.000748 | val_rel_l2=0.019599 | val_mae=3.180251 | time=13s
2026-06-26 17:09:47,078 | INFO | Epoch 032 | train_loss=0.021835 | train_mse=0.019631 | train_sobolev=0.220350 | val_loss=0.034307 | val_rel_l2=0.120765 | val_mae=18.107134 | time=14s
2026-06-26 17:10:02,576 | INFO | Epoch 033 | train_loss=0.006693 | train_mse=0.005156 | train_sobolev=0.153780 | val_loss=0.032967 | val_rel_l2=0.093659 | val_mae=22.041868 | time=15s
2026-06-26 17:10:17,867 | INFO | Epoch 034 | train_loss=0.013818 | train_mse=0.012197 | train_sobolev=0.162085 | val_loss=0.005276 | val_rel_l2=0.075677 | val_mae=9.358015 | time=15s
2026-06-26 17:10:32,523 | INFO | Epoch 035 | train_loss=0.007188 | train_mse=0.005820 | train_sobolev=0.136784 | val_loss=0.001594 | val_rel_l2=0.038384 | val_mae=4.963255 | time=14s
2026-06-26 17:10:47,494 | INFO | Epoch 036 | train_loss=0.003139 | train_mse=0.002036 | train_sobolev=0.110214 | val_loss=0.001719 | val_rel_l2=0.033091 | val_mae=5.275616 | time=14s
2026-06-26 17:11:02,548 | INFO | Epoch 037 | train_loss=0.005065 | train_mse=0.003822 | train_sobolev=0.124280 | val_loss=0.001059 | val_rel_l2=0.028124 | val_mae=4.136038 | time=14s
2026-06-26 17:11:18,807 | INFO | Epoch 038 | train_loss=0.006564 | train_mse=0.005465 | train_sobolev=0.109872 | val_loss=0.004725 | val_rel_l2=0.047920 | val_mae=8.557544 | time=16s
2026-06-26 17:11:34,649 | INFO | Epoch 039 | train_loss=0.007068 | train_mse=0.005834 | train_sobolev=0.123486 | val_loss=0.002023 | val_rel_l2=0.047364 | val_mae=5.542257 | time=15s
2026-06-26 17:11:50,092 | INFO | Epoch 040 | train_loss=0.004452 | train_mse=0.003384 | train_sobolev=0.106807 | val_loss=0.003994 | val_rel_l2=0.044302 | val_mae=7.863316 | time=15s
2026-06-26 17:12:05,610 | INFO | Epoch 041 | train_loss=0.003398 | train_mse=0.002388 | train_sobolev=0.100987 | val_loss=0.001161 | val_rel_l2=0.022237 | val_mae=3.763569 | time=15s
2026-06-26 17:12:22,129 | INFO | Epoch 042 | train_loss=0.010041 | train_mse=0.008276 | train_sobolev=0.176528 | val_loss=0.004360 | val_rel_l2=0.045612 | val_mae=8.218699 | time=16s
2026-06-26 17:12:37,757 | INFO | Epoch 043 | train_loss=0.008828 | train_mse=0.007529 | train_sobolev=0.129946 | val_loss=0.014418 | val_rel_l2=0.085207 | val_mae=17.003305 | time=15s
2026-06-26 17:12:56,875 | INFO | Epoch 044 | train_loss=0.003566 | train_mse=0.002616 | train_sobolev=0.095053 | val_loss=0.000854 | val_rel_l2=0.024423 | val_mae=3.898066 | time=18s
2026-06-26 17:13:11,005 | INFO | Epoch 045 | train_loss=0.002170 | train_mse=0.001375 | train_sobolev=0.079469 | val_loss=0.002419 | val_rel_l2=0.028643 | val_mae=5.334453 | time=14s
2026-06-26 17:13:24,673 | INFO | Epoch 046 | train_loss=0.003781 | train_mse=0.002907 | train_sobolev=0.087351 | val_loss=0.002962 | val_rel_l2=0.033436 | val_mae=5.923704 | time=13s
2026-06-26 17:13:36,689 | INFO | Epoch 047 | train_loss=0.004167 | train_mse=0.003291 | train_sobolev=0.087577 | val_loss=0.000776 | val_rel_l2=0.025737 | val_mae=3.567643 | time=11s
2026-06-26 17:13:48,382 | INFO | Epoch 048 | train_loss=0.004987 | train_mse=0.004095 | train_sobolev=0.089205 | val_loss=0.001923 | val_rel_l2=0.036473 | val_mae=5.258249 | time=11s
2026-06-26 17:14:00,461 | INFO | Epoch 049 | train_loss=0.002580 | train_mse=0.001871 | train_sobolev=0.070964 | val_loss=0.012520 | val_rel_l2=0.059598 | val_mae=11.414896 | time=11s
2026-06-26 17:14:12,238 | INFO | Epoch 050 | train_loss=0.007041 | train_mse=0.006014 | train_sobolev=0.102789 | val_loss=0.001034 | val_rel_l2=0.030245 | val_mae=4.054674 | time=11s
2026-06-26 17:14:24,583 | INFO | Epoch 051 | train_loss=0.002775 | train_mse=0.002046 | train_sobolev=0.072827 | val_loss=0.002681 | val_rel_l2=0.034186 | val_mae=5.996203 | time=12s
2026-06-26 17:14:37,257 | INFO | Epoch 052 | train_loss=0.006013 | train_mse=0.005035 | train_sobolev=0.097808 | val_loss=0.001882 | val_rel_l2=0.030977 | val_mae=4.763863 | time=12s
2026-06-26 17:14:49,368 | INFO | Epoch 053 | train_loss=0.004119 | train_mse=0.003373 | train_sobolev=0.074596 | val_loss=0.001222 | val_rel_l2=0.029687 | val_mae=4.390354 | time=12s
2026-06-26 17:15:00,714 | INFO | Epoch 054 | train_loss=0.019932 | train_mse=0.018158 | train_sobolev=0.177408 | val_loss=0.005440 | val_rel_l2=0.064788 | val_mae=9.836573 | time=11s
2026-06-26 17:15:13,089 | INFO | Epoch 055 | train_loss=0.017846 | train_mse=0.015968 | train_sobolev=0.187854 | val_loss=0.003479 | val_rel_l2=0.056196 | val_mae=7.930819 | time=12s
2026-06-26 17:15:25,366 | INFO | Epoch 056 | train_loss=0.006912 | train_mse=0.005904 | train_sobolev=0.100833 | val_loss=0.001131 | val_rel_l2=0.033478 | val_mae=4.244733 | time=12s
2026-06-26 17:15:37,062 | INFO | Epoch 057 | train_loss=0.001924 | train_mse=0.001348 | train_sobolev=0.057580 | val_loss=0.001936 | val_rel_l2=0.029867 | val_mae=5.456813 | time=11s
2026-06-26 17:15:49,181 | INFO | Epoch 058 | train_loss=0.001072 | train_mse=0.000637 | train_sobolev=0.043467 | val_loss=0.000264 | val_rel_l2=0.013195 | val_mae=1.956400 | time=12s
2026-06-26 17:16:01,252 | INFO | Epoch 059 | train_loss=0.002356 | train_mse=0.001890 | train_sobolev=0.046564 | val_loss=0.005767 | val_rel_l2=0.046072 | val_mae=8.038943 | time=11s
2026-06-26 17:16:13,641 | INFO | Epoch 060 | train_loss=0.015738 | train_mse=0.014126 | train_sobolev=0.161189 | val_loss=0.001874 | val_rel_l2=0.039356 | val_mae=5.010347 | time=12s
2026-06-26 17:16:26,166 | INFO | Epoch 061 | train_loss=0.002191 | train_mse=0.001542 | train_sobolev=0.064843 | val_loss=0.000344 | val_rel_l2=0.015631 | val_mae=2.309265 | time=12s
2026-06-26 17:16:39,061 | INFO | Epoch 062 | train_loss=0.000993 | train_mse=0.000626 | train_sobolev=0.036754 | val_loss=0.000182 | val_rel_l2=0.012212 | val_mae=1.697603 | time=12s
2026-06-26 17:16:51,677 | INFO | Epoch 063 | train_loss=0.000753 | train_mse=0.000469 | train_sobolev=0.028353 | val_loss=0.000140 | val_rel_l2=0.010964 | val_mae=1.558655 | time=12s
2026-06-26 17:17:04,860 | INFO | Epoch 064 | train_loss=0.000925 | train_mse=0.000660 | train_sobolev=0.026493 | val_loss=0.000746 | val_rel_l2=0.019059 | val_mae=3.325458 | time=13s
2026-06-26 17:17:17,020 | INFO | Epoch 065 | train_loss=0.001411 | train_mse=0.001144 | train_sobolev=0.026702 | val_loss=0.000266 | val_rel_l2=0.017136 | val_mae=2.231174 | time=12s
2026-06-26 17:17:30,320 | INFO | Epoch 066 | train_loss=0.000497 | train_mse=0.000299 | train_sobolev=0.019824 | val_loss=0.000555 | val_rel_l2=0.014532 | val_mae=2.463397 | time=13s
2026-06-26 17:17:45,658 | INFO | Epoch 067 | train_loss=0.001365 | train_mse=0.001117 | train_sobolev=0.024804 | val_loss=0.003042 | val_rel_l2=0.053419 | val_mae=6.794165 | time=15s
2026-06-26 17:18:00,478 | INFO | Epoch 068 | train_loss=0.002871 | train_mse=0.002482 | train_sobolev=0.038984 | val_loss=0.002892 | val_rel_l2=0.053192 | val_mae=7.414328 | time=14s
2026-06-26 17:18:17,065 | INFO | Epoch 069 | train_loss=0.002741 | train_mse=0.002397 | train_sobolev=0.034423 | val_loss=0.001491 | val_rel_l2=0.029922 | val_mae=4.857944 | time=16s
2026-06-26 17:18:31,473 | INFO | Epoch 070 | train_loss=0.001581 | train_mse=0.001285 | train_sobolev=0.029598 | val_loss=0.000556 | val_rel_l2=0.015209 | val_mae=2.641089 | time=14s
2026-06-26 17:18:47,329 | INFO | Epoch 071 | train_loss=0.003183 | train_mse=0.002800 | train_sobolev=0.038246 | val_loss=0.001152 | val_rel_l2=0.028981 | val_mae=4.319342 | time=15s
2026-06-26 17:19:02,399 | INFO | Epoch 072 | train_loss=0.003876 | train_mse=0.003416 | train_sobolev=0.045992 | val_loss=0.007996 | val_rel_l2=0.071994 | val_mae=10.795987 | time=14s
2026-06-26 17:19:17,584 | INFO | Epoch 073 | train_loss=0.007167 | train_mse=0.006458 | train_sobolev=0.070891 | val_loss=0.013589 | val_rel_l2=0.073131 | val_mae=13.128931 | time=15s
2026-06-26 17:19:33,975 | INFO | Epoch 074 | train_loss=0.009192 | train_mse=0.008104 | train_sobolev=0.108883 | val_loss=0.001140 | val_rel_l2=0.024882 | val_mae=4.010009 | time=16s
2026-06-26 17:19:49,079 | INFO | Epoch 075 | train_loss=0.001374 | train_mse=0.001047 | train_sobolev=0.032725 | val_loss=0.000267 | val_rel_l2=0.014814 | val_mae=2.112902 | time=15s
2026-06-26 17:20:03,884 | INFO | Epoch 076 | train_loss=0.000842 | train_mse=0.000643 | train_sobolev=0.019918 | val_loss=0.000515 | val_rel_l2=0.018865 | val_mae=2.836654 | time=14s
2026-06-26 17:20:20,557 | INFO | Epoch 077 | train_loss=0.001340 | train_mse=0.001121 | train_sobolev=0.021977 | val_loss=0.000479 | val_rel_l2=0.015278 | val_mae=2.447072 | time=16s
2026-06-26 17:20:35,877 | INFO | Epoch 078 | train_loss=0.000772 | train_mse=0.000600 | train_sobolev=0.017251 | val_loss=0.000611 | val_rel_l2=0.021835 | val_mae=3.254040 | time=15s
2026-06-26 17:20:50,808 | INFO | Epoch 079 | train_loss=0.006683 | train_mse=0.005997 | train_sobolev=0.068627 | val_loss=0.001171 | val_rel_l2=0.024785 | val_mae=4.330718 | time=14s
2026-06-26 17:21:11,752 | INFO | Epoch 080 | train_loss=0.003700 | train_mse=0.003299 | train_sobolev=0.040108 | val_loss=0.000871 | val_rel_l2=0.030081 | val_mae=4.272509 | time=20s
2026-06-26 17:21:28,938 | INFO | Epoch 081 | train_loss=0.001163 | train_mse=0.000953 | train_sobolev=0.021022 | val_loss=0.000354 | val_rel_l2=0.018636 | val_mae=2.321772 | time=17s
2026-06-26 17:21:41,405 | INFO | Epoch 082 | train_loss=0.001826 | train_mse=0.001574 | train_sobolev=0.025216 | val_loss=0.003548 | val_rel_l2=0.041922 | val_mae=6.370405 | time=12s
2026-06-26 17:21:53,992 | INFO | Epoch 083 | train_loss=0.002323 | train_mse=0.002019 | train_sobolev=0.030419 | val_loss=0.000432 | val_rel_l2=0.020141 | val_mae=2.889257 | time=12s
2026-06-26 17:22:08,831 | INFO | Epoch 084 | train_loss=0.000620 | train_mse=0.000475 | train_sobolev=0.014484 | val_loss=0.000526 | val_rel_l2=0.016400 | val_mae=2.916499 | time=14s
2026-06-26 17:22:21,133 | INFO | Epoch 085 | train_loss=0.002124 | train_mse=0.001885 | train_sobolev=0.023897 | val_loss=0.001124 | val_rel_l2=0.036477 | val_mae=4.558370 | time=12s
2026-06-26 17:22:32,980 | INFO | Epoch 086 | train_loss=0.001110 | train_mse=0.000922 | train_sobolev=0.018729 | val_loss=0.000603 | val_rel_l2=0.022885 | val_mae=3.111087 | time=11s
2026-06-26 17:22:45,256 | INFO | Epoch 087 | train_loss=0.000875 | train_mse=0.000713 | train_sobolev=0.016232 | val_loss=0.000483 | val_rel_l2=0.019679 | val_mae=3.229343 | time=12s
2026-06-26 17:22:58,289 | INFO | Epoch 088 | train_loss=0.000569 | train_mse=0.000427 | train_sobolev=0.014268 | val_loss=0.000619 | val_rel_l2=0.017391 | val_mae=2.963280 | time=12s
2026-06-26 17:23:11,019 | INFO | Epoch 089 | train_loss=0.006139 | train_mse=0.005477 | train_sobolev=0.066232 | val_loss=0.003386 | val_rel_l2=0.044887 | val_mae=6.828611 | time=12s
2026-06-26 17:23:28,897 | INFO | Epoch 090 | train_loss=0.003493 | train_mse=0.003050 | train_sobolev=0.044306 | val_loss=0.000335 | val_rel_l2=0.014283 | val_mae=2.289648 | time=17s
2026-06-26 17:23:44,710 | INFO | Epoch 091 | train_loss=0.001482 | train_mse=0.001271 | train_sobolev=0.021073 | val_loss=0.001114 | val_rel_l2=0.029858 | val_mae=4.743281 | time=15s
2026-06-26 17:24:00,512 | INFO | Epoch 092 | train_loss=0.002709 | train_mse=0.002364 | train_sobolev=0.034482 | val_loss=0.000897 | val_rel_l2=0.025095 | val_mae=3.439189 | time=15s
2026-06-26 17:24:17,008 | INFO | Epoch 093 | train_loss=0.001828 | train_mse=0.001599 | train_sobolev=0.022940 | val_loss=0.005222 | val_rel_l2=0.050134 | val_mae=9.467685 | time=16s
2026-06-26 17:24:33,685 | INFO | Epoch 094 | train_loss=0.001714 | train_mse=0.001475 | train_sobolev=0.023888 | val_loss=0.000973 | val_rel_l2=0.022206 | val_mae=4.086975 | time=16s
2026-06-26 17:24:49,576 | INFO | Epoch 095 | train_loss=0.001469 | train_mse=0.001212 | train_sobolev=0.025737 | val_loss=0.000317 | val_rel_l2=0.015619 | val_mae=2.471564 | time=15s
2026-06-26 17:25:04,604 | INFO | Epoch 096 | train_loss=0.000761 | train_mse=0.000600 | train_sobolev=0.016061 | val_loss=0.000194 | val_rel_l2=0.009782 | val_mae=1.694135 | time=14s
2026-06-26 17:25:20,430 | INFO | Epoch 097 | train_loss=0.000558 | train_mse=0.000419 | train_sobolev=0.013910 | val_loss=0.000298 | val_rel_l2=0.013379 | val_mae=1.912296 | time=15s
2026-06-26 17:25:35,963 | INFO | Epoch 098 | train_loss=0.001517 | train_mse=0.001317 | train_sobolev=0.020013 | val_loss=0.003631 | val_rel_l2=0.037518 | val_mae=6.718300 | time=15s
2026-06-26 17:25:51,491 | INFO | Epoch 099 | train_loss=0.001712 | train_mse=0.001476 | train_sobolev=0.023592 | val_loss=0.005553 | val_rel_l2=0.076824 | val_mae=11.857390 | time=15s
2026-06-26 17:26:07,077 | INFO | Epoch 100 | train_loss=0.001572 | train_mse=0.001321 | train_sobolev=0.025172 | val_loss=0.001300 | val_rel_l2=0.023324 | val_mae=4.067583 | time=15s
2026-06-26 17:26:22,888 | INFO | Epoch 101 | train_loss=0.001654 | train_mse=0.001434 | train_sobolev=0.022001 | val_loss=0.000181 | val_rel_l2=0.011548 | val_mae=1.625701 | time=15s
2026-06-26 17:26:42,883 | INFO | Epoch 102 | train_loss=0.001019 | train_mse=0.000830 | train_sobolev=0.018884 | val_loss=0.000338 | val_rel_l2=0.011845 | val_mae=1.926158 | time=19s
2026-06-26 17:26:55,734 | INFO | Epoch 103 | train_loss=0.001270 | train_mse=0.001098 | train_sobolev=0.017259 | val_loss=0.016671 | val_rel_l2=0.116965 | val_mae=15.433558 | time=12s
2026-06-26 17:27:08,108 | INFO | Epoch 104 | train_loss=0.004189 | train_mse=0.003719 | train_sobolev=0.047006 | val_loss=0.002635 | val_rel_l2=0.039272 | val_mae=6.752523 | time=12s
2026-06-26 17:27:20,766 | INFO | Epoch 105 | train_loss=0.000787 | train_mse=0.000639 | train_sobolev=0.014834 | val_loss=0.002931 | val_rel_l2=0.029614 | val_mae=5.709019 | time=12s
2026-06-26 17:27:32,619 | INFO | Epoch 106 | train_loss=0.003975 | train_mse=0.003541 | train_sobolev=0.043444 | val_loss=0.002975 | val_rel_l2=0.030987 | val_mae=4.776943 | time=11s
2026-06-26 17:27:45,177 | INFO | Epoch 107 | train_loss=0.000616 | train_mse=0.000455 | train_sobolev=0.016112 | val_loss=0.000265 | val_rel_l2=0.015928 | val_mae=2.089294 | time=12s
2026-06-26 17:27:58,358 | INFO | Epoch 108 | train_loss=0.000620 | train_mse=0.000460 | train_sobolev=0.015920 | val_loss=0.000402 | val_rel_l2=0.015997 | val_mae=2.493274 | time=13s
2026-06-26 17:28:10,782 | INFO | Epoch 109 | train_loss=0.000439 | train_mse=0.000334 | train_sobolev=0.010556 | val_loss=0.000243 | val_rel_l2=0.012666 | val_mae=1.948148 | time=12s
2026-06-26 17:28:22,437 | INFO | Epoch 110 | train_loss=0.000337 | train_mse=0.000231 | train_sobolev=0.010594 | val_loss=0.000534 | val_rel_l2=0.016333 | val_mae=2.254694 | time=11s
2026-06-26 17:28:35,305 | INFO | Epoch 111 | train_loss=0.000298 | train_mse=0.000223 | train_sobolev=0.007558 | val_loss=0.000318 | val_rel_l2=0.014430 | val_mae=2.170403 | time=12s
2026-06-26 17:28:47,507 | INFO | Epoch 112 | train_loss=0.002294 | train_mse=0.002040 | train_sobolev=0.025410 | val_loss=0.000320 | val_rel_l2=0.013326 | val_mae=2.007952 | time=12s
2026-06-26 17:28:59,695 | INFO | Epoch 113 | train_loss=0.002963 | train_mse=0.002693 | train_sobolev=0.026991 | val_loss=0.000718 | val_rel_l2=0.016779 | val_mae=2.948004 | time=12s
2026-06-26 17:29:12,047 | INFO | Epoch 114 | train_loss=0.000544 | train_mse=0.000417 | train_sobolev=0.012688 | val_loss=0.000195 | val_rel_l2=0.010236 | val_mae=1.630046 | time=12s
2026-06-26 17:29:25,501 | INFO | Epoch 115 | train_loss=0.000714 | train_mse=0.000584 | train_sobolev=0.013032 | val_loss=0.000670 | val_rel_l2=0.020505 | val_mae=3.291123 | time=13s
2026-06-26 17:29:40,504 | INFO | Epoch 116 | train_loss=0.001073 | train_mse=0.000895 | train_sobolev=0.017845 | val_loss=0.000100 | val_rel_l2=0.007093 | val_mae=1.177732 | time=14s
2026-06-26 17:29:55,901 | INFO | Epoch 117 | train_loss=0.005286 | train_mse=0.004758 | train_sobolev=0.052843 | val_loss=0.001395 | val_rel_l2=0.033650 | val_mae=4.336347 | time=15s
2026-06-26 17:30:10,639 | INFO | Epoch 118 | train_loss=0.001246 | train_mse=0.001013 | train_sobolev=0.023329 | val_loss=0.000171 | val_rel_l2=0.012491 | val_mae=1.806952 | time=14s
2026-06-26 17:30:25,447 | INFO | Epoch 119 | train_loss=0.000479 | train_mse=0.000375 | train_sobolev=0.010419 | val_loss=0.000200 | val_rel_l2=0.013016 | val_mae=1.874570 | time=14s
2026-06-26 17:30:42,265 | INFO | Epoch 120 | train_loss=0.000313 | train_mse=0.000219 | train_sobolev=0.009393 | val_loss=0.000074 | val_rel_l2=0.006231 | val_mae=0.969689 | time=16s
2026-06-26 17:30:57,563 | INFO | Epoch 121 | train_loss=0.000451 | train_mse=0.000345 | train_sobolev=0.010565 | val_loss=0.000320 | val_rel_l2=0.017742 | val_mae=2.582869 | time=15s
2026-06-26 17:31:12,857 | INFO | Epoch 122 | train_loss=0.000388 | train_mse=0.000300 | train_sobolev=0.008821 | val_loss=0.000055 | val_rel_l2=0.006570 | val_mae=0.858071 | time=15s
2026-06-26 17:31:28,057 | INFO | Epoch 123 | train_loss=0.000554 | train_mse=0.000474 | train_sobolev=0.008083 | val_loss=0.000205 | val_rel_l2=0.010782 | val_mae=1.852316 | time=15s
2026-06-26 17:31:43,395 | INFO | Epoch 124 | train_loss=0.000679 | train_mse=0.000569 | train_sobolev=0.010964 | val_loss=0.000072 | val_rel_l2=0.007936 | val_mae=1.176342 | time=15s
2026-06-26 17:31:58,493 | INFO | Epoch 125 | train_loss=0.000415 | train_mse=0.000326 | train_sobolev=0.008948 | val_loss=0.001548 | val_rel_l2=0.022503 | val_mae=4.483200 | time=15s
2026-06-26 17:32:13,423 | INFO | Epoch 126 | train_loss=0.001900 | train_mse=0.001671 | train_sobolev=0.022922 | val_loss=0.000099 | val_rel_l2=0.007504 | val_mae=1.190284 | time=14s
2026-06-26 17:32:30,932 | INFO | Epoch 127 | train_loss=0.000816 | train_mse=0.000697 | train_sobolev=0.011902 | val_loss=0.000264 | val_rel_l2=0.010945 | val_mae=1.959477 | time=17s
2026-06-26 17:32:44,535 | INFO | Epoch 128 | train_loss=0.002243 | train_mse=0.001979 | train_sobolev=0.026420 | val_loss=0.002370 | val_rel_l2=0.027442 | val_mae=5.139217 | time=13s
2026-06-26 17:32:57,652 | INFO | Epoch 129 | train_loss=0.001247 | train_mse=0.001064 | train_sobolev=0.018304 | val_loss=0.000700 | val_rel_l2=0.022593 | val_mae=3.587336 | time=13s
2026-06-26 17:33:09,344 | INFO | Epoch 130 | train_loss=0.000420 | train_mse=0.000333 | train_sobolev=0.008663 | val_loss=0.000198 | val_rel_l2=0.011543 | val_mae=1.922980 | time=11s
2026-06-26 17:33:21,841 | INFO | Epoch 131 | train_loss=0.000440 | train_mse=0.000345 | train_sobolev=0.009536 | val_loss=0.000158 | val_rel_l2=0.009834 | val_mae=1.331312 | time=12s
2026-06-26 17:33:34,690 | INFO | Epoch 132 | train_loss=0.000208 | train_mse=0.000145 | train_sobolev=0.006266 | val_loss=0.000060 | val_rel_l2=0.006370 | val_mae=0.918113 | time=12s
2026-06-26 17:33:46,909 | INFO | Epoch 133 | train_loss=0.001393 | train_mse=0.001205 | train_sobolev=0.018756 | val_loss=0.001082 | val_rel_l2=0.021352 | val_mae=3.953757 | time=12s
2026-06-26 17:33:59,136 | INFO | Epoch 134 | train_loss=0.000760 | train_mse=0.000642 | train_sobolev=0.011785 | val_loss=0.000170 | val_rel_l2=0.007974 | val_mae=1.331803 | time=12s
2026-06-26 17:34:11,513 | INFO | Epoch 135 | train_loss=0.000347 | train_mse=0.000276 | train_sobolev=0.007166 | val_loss=0.000204 | val_rel_l2=0.013075 | val_mae=1.684715 | time=12s
2026-06-26 17:34:23,508 | INFO | Epoch 136 | train_loss=0.000698 | train_mse=0.000588 | train_sobolev=0.010955 | val_loss=0.000091 | val_rel_l2=0.009300 | val_mae=1.233713 | time=11s
2026-06-26 17:34:35,647 | INFO | Epoch 137 | train_loss=0.000318 | train_mse=0.000261 | train_sobolev=0.005661 | val_loss=0.000054 | val_rel_l2=0.007639 | val_mae=0.981076 | time=12s
2026-06-26 17:34:48,656 | INFO | Epoch 138 | train_loss=0.000623 | train_mse=0.000504 | train_sobolev=0.011825 | val_loss=0.000605 | val_rel_l2=0.015005 | val_mae=2.617723 | time=12s
2026-06-26 17:35:00,503 | INFO | Epoch 139 | train_loss=0.000435 | train_mse=0.000348 | train_sobolev=0.008686 | val_loss=0.000172 | val_rel_l2=0.010747 | val_mae=1.543233 | time=11s
2026-06-26 17:35:12,693 | INFO | Epoch 140 | train_loss=0.000686 | train_mse=0.000589 | train_sobolev=0.009728 | val_loss=0.000965 | val_rel_l2=0.020919 | val_mae=3.664495 | time=12s
2026-06-26 17:35:24,769 | INFO | Epoch 141 | train_loss=0.001381 | train_mse=0.001180 | train_sobolev=0.020063 | val_loss=0.000062 | val_rel_l2=0.006039 | val_mae=0.911288 | time=12s
2026-06-26 17:35:36,155 | INFO | Epoch 142 | train_loss=0.000270 | train_mse=0.000199 | train_sobolev=0.007046 | val_loss=0.000105 | val_rel_l2=0.008084 | val_mae=1.376201 | time=11s
2026-06-26 17:35:48,425 | INFO | Epoch 143 | train_loss=0.000150 | train_mse=0.000105 | train_sobolev=0.004531 | val_loss=0.000076 | val_rel_l2=0.008284 | val_mae=1.227194 | time=12s
2026-06-26 17:36:00,413 | INFO | Epoch 144 | train_loss=0.000519 | train_mse=0.000432 | train_sobolev=0.008655 | val_loss=0.000410 | val_rel_l2=0.018102 | val_mae=2.795830 | time=11s
2026-06-26 17:36:13,636 | INFO | Epoch 145 | train_loss=0.000829 | train_mse=0.000728 | train_sobolev=0.010020 | val_loss=0.000179 | val_rel_l2=0.011771 | val_mae=1.512517 | time=13s
2026-06-26 17:36:25,705 | INFO | Epoch 146 | train_loss=0.001567 | train_mse=0.001391 | train_sobolev=0.017623 | val_loss=0.001730 | val_rel_l2=0.026308 | val_mae=5.235139 | time=12s
2026-06-26 17:36:40,077 | INFO | Epoch 147 | train_loss=0.000674 | train_mse=0.000547 | train_sobolev=0.012716 | val_loss=0.000126 | val_rel_l2=0.008793 | val_mae=1.468768 | time=14s
2026-06-26 17:36:55,357 | INFO | Epoch 148 | train_loss=0.000314 | train_mse=0.000249 | train_sobolev=0.006507 | val_loss=0.000475 | val_rel_l2=0.012703 | val_mae=2.460766 | time=15s
2026-06-26 17:37:11,653 | INFO | Epoch 149 | train_loss=0.001549 | train_mse=0.001373 | train_sobolev=0.017680 | val_loss=0.000049 | val_rel_l2=0.006431 | val_mae=0.875242 | time=16s
2026-06-26 17:37:27,495 | INFO | Epoch 150 | train_loss=0.000282 | train_mse=0.000210 | train_sobolev=0.007170 | val_loss=0.000073 | val_rel_l2=0.006883 | val_mae=1.179942 | time=15s
2026-06-26 17:37:42,888 | INFO | Epoch 151 | train_loss=0.000312 | train_mse=0.000255 | train_sobolev=0.005691 | val_loss=0.000164 | val_rel_l2=0.009075 | val_mae=1.484194 | time=15s
2026-06-26 17:37:58,179 | INFO | Epoch 152 | train_loss=0.000206 | train_mse=0.000163 | train_sobolev=0.004346 | val_loss=0.000222 | val_rel_l2=0.012528 | val_mae=1.880593 | time=15s
2026-06-26 17:38:14,912 | INFO | Epoch 153 | train_loss=0.001150 | train_mse=0.000995 | train_sobolev=0.015518 | val_loss=0.002611 | val_rel_l2=0.041368 | val_mae=6.879225 | time=16s
2026-06-26 17:38:30,282 | INFO | Epoch 154 | train_loss=0.001251 | train_mse=0.001036 | train_sobolev=0.021551 | val_loss=0.000499 | val_rel_l2=0.021810 | val_mae=2.987620 | time=15s
2026-06-26 17:38:46,789 | INFO | Epoch 155 | train_loss=0.000313 | train_mse=0.000245 | train_sobolev=0.006750 | val_loss=0.000087 | val_rel_l2=0.008127 | val_mae=1.239882 | time=16s
2026-06-26 17:39:02,984 | INFO | Epoch 156 | train_loss=0.000262 | train_mse=0.000210 | train_sobolev=0.005228 | val_loss=0.000111 | val_rel_l2=0.008092 | val_mae=1.387399 | time=16s
2026-06-26 17:39:18,367 | INFO | Epoch 157 | train_loss=0.000230 | train_mse=0.000186 | train_sobolev=0.004337 | val_loss=0.000130 | val_rel_l2=0.007533 | val_mae=1.164111 | time=15s
2026-06-26 17:39:34,317 | INFO | Epoch 158 | train_loss=0.000303 | train_mse=0.000252 | train_sobolev=0.005120 | val_loss=0.000357 | val_rel_l2=0.017279 | val_mae=2.567099 | time=15s
2026-06-26 17:39:52,785 | INFO | Epoch 159 | train_loss=0.000227 | train_mse=0.000170 | train_sobolev=0.005688 | val_loss=0.000322 | val_rel_l2=0.013595 | val_mae=2.256714 | time=18s
2026-06-26 17:40:07,122 | INFO | Epoch 160 | train_loss=0.002129 | train_mse=0.001921 | train_sobolev=0.020835 | val_loss=0.005062 | val_rel_l2=0.044870 | val_mae=8.701965 | time=14s
2026-06-26 17:40:20,426 | INFO | Epoch 161 | train_loss=0.000569 | train_mse=0.000460 | train_sobolev=0.010937 | val_loss=0.000049 | val_rel_l2=0.005234 | val_mae=0.855484 | time=13s
2026-06-26 17:40:34,229 | INFO | Epoch 162 | train_loss=0.000299 | train_mse=0.000230 | train_sobolev=0.006843 | val_loss=0.000155 | val_rel_l2=0.010387 | val_mae=1.680684 | time=13s
2026-06-26 17:40:46,204 | INFO | Epoch 163 | train_loss=0.000129 | train_mse=0.000096 | train_sobolev=0.003322 | val_loss=0.000031 | val_rel_l2=0.004573 | val_mae=0.695773 | time=11s
2026-06-26 17:40:58,457 | INFO | Epoch 164 | train_loss=0.000061 | train_mse=0.000036 | train_sobolev=0.002457 | val_loss=0.000010 | val_rel_l2=0.002940 | val_mae=0.393130 | time=12s
2026-06-26 17:41:10,860 | INFO | Epoch 165 | train_loss=0.000053 | train_mse=0.000032 | train_sobolev=0.002145 | val_loss=0.000010 | val_rel_l2=0.002676 | val_mae=0.379282 | time=12s
2026-06-26 17:41:23,943 | INFO | Epoch 166 | train_loss=0.000066 | train_mse=0.000045 | train_sobolev=0.002076 | val_loss=0.000084 | val_rel_l2=0.006470 | val_mae=1.003197 | time=12s
2026-06-26 17:41:36,971 | INFO | Epoch 167 | train_loss=0.000300 | train_mse=0.000250 | train_sobolev=0.004960 | val_loss=0.000228 | val_rel_l2=0.013148 | val_mae=1.975446 | time=12s
2026-06-26 17:41:49,290 | INFO | Epoch 168 | train_loss=0.001205 | train_mse=0.001067 | train_sobolev=0.013791 | val_loss=0.000237 | val_rel_l2=0.013242 | val_mae=1.937371 | time=12s
2026-06-26 17:42:01,456 | INFO | Epoch 169 | train_loss=0.000152 | train_mse=0.000116 | train_sobolev=0.003531 | val_loss=0.000059 | val_rel_l2=0.005391 | val_mae=0.968412 | time=12s
2026-06-26 17:42:13,760 | INFO | Epoch 170 | train_loss=0.000108 | train_mse=0.000080 | train_sobolev=0.002724 | val_loss=0.000020 | val_rel_l2=0.004759 | val_mae=0.544233 | time=12s
2026-06-26 17:42:26,528 | INFO | Epoch 171 | train_loss=0.000071 | train_mse=0.000047 | train_sobolev=0.002416 | val_loss=0.000295 | val_rel_l2=0.009037 | val_mae=1.817190 | time=12s
2026-06-26 17:42:38,614 | INFO | Epoch 172 | train_loss=0.000370 | train_mse=0.000314 | train_sobolev=0.005606 | val_loss=0.000028 | val_rel_l2=0.004322 | val_mae=0.602253 | time=12s
2026-06-26 17:42:51,220 | INFO | Epoch 173 | train_loss=0.001321 | train_mse=0.001165 | train_sobolev=0.015607 | val_loss=0.001772 | val_rel_l2=0.027843 | val_mae=5.438108 | time=12s
2026-06-26 17:43:03,264 | INFO | Epoch 174 | train_loss=0.000628 | train_mse=0.000533 | train_sobolev=0.009475 | val_loss=0.000167 | val_rel_l2=0.014084 | val_mae=1.579955 | time=11s
2026-06-26 17:43:15,290 | INFO | Epoch 175 | train_loss=0.000207 | train_mse=0.000159 | train_sobolev=0.004755 | val_loss=0.000069 | val_rel_l2=0.006857 | val_mae=0.942962 | time=11s
2026-06-26 17:43:28,121 | INFO | Epoch 176 | train_loss=0.000287 | train_mse=0.000228 | train_sobolev=0.005960 | val_loss=0.000068 | val_rel_l2=0.007547 | val_mae=1.096824 | time=12s
2026-06-26 17:43:40,080 | INFO | Epoch 177 | train_loss=0.001461 | train_mse=0.001311 | train_sobolev=0.015007 | val_loss=0.003957 | val_rel_l2=0.050359 | val_mae=7.007611 | time=11s
2026-06-26 17:43:52,008 | INFO | Epoch 178 | train_loss=0.000508 | train_mse=0.000426 | train_sobolev=0.008211 | val_loss=0.000044 | val_rel_l2=0.005369 | val_mae=0.880087 | time=11s
2026-06-26 17:44:04,572 | INFO | Epoch 179 | train_loss=0.000078 | train_mse=0.000055 | train_sobolev=0.002339 | val_loss=0.000017 | val_rel_l2=0.003892 | val_mae=0.537090 | time=12s
2026-06-26 17:44:17,746 | INFO | Epoch 180 | train_loss=0.000095 | train_mse=0.000059 | train_sobolev=0.003599 | val_loss=0.000013 | val_rel_l2=0.003273 | val_mae=0.443543 | time=13s
2026-06-26 17:44:31,256 | INFO | Epoch 181 | train_loss=0.000132 | train_mse=0.000085 | train_sobolev=0.004684 | val_loss=0.000022 | val_rel_l2=0.003530 | val_mae=0.561096 | time=13s
2026-06-26 17:44:48,824 | INFO | Epoch 182 | train_loss=0.000053 | train_mse=0.000033 | train_sobolev=0.001947 | val_loss=0.000008 | val_rel_l2=0.002599 | val_mae=0.342459 | time=17s
2026-06-26 17:45:00,734 | INFO | Epoch 183 | train_loss=0.000066 | train_mse=0.000048 | train_sobolev=0.001724 | val_loss=0.000145 | val_rel_l2=0.005684 | val_mae=1.199682 | time=11s
2026-06-26 17:45:15,807 | INFO | Epoch 184 | train_loss=0.000286 | train_mse=0.000237 | train_sobolev=0.004932 | val_loss=0.000142 | val_rel_l2=0.009435 | val_mae=1.276311 | time=15s
2026-06-26 17:45:30,948 | INFO | Epoch 185 | train_loss=0.000322 | train_mse=0.000267 | train_sobolev=0.005560 | val_loss=0.000119 | val_rel_l2=0.009533 | val_mae=1.481825 | time=15s
2026-06-26 17:45:46,048 | INFO | Epoch 186 | train_loss=0.000265 | train_mse=0.000219 | train_sobolev=0.004579 | val_loss=0.000106 | val_rel_l2=0.008626 | val_mae=1.326190 | time=15s
2026-06-26 17:46:01,645 | INFO | Epoch 187 | train_loss=0.000139 | train_mse=0.000112 | train_sobolev=0.002740 | val_loss=0.000034 | val_rel_l2=0.005952 | val_mae=0.840432 | time=15s
2026-06-26 17:46:16,789 | INFO | Epoch 188 | train_loss=0.000060 | train_mse=0.000041 | train_sobolev=0.001880 | val_loss=0.000017 | val_rel_l2=0.003146 | val_mae=0.489357 | time=15s
2026-06-26 17:46:33,303 | INFO | Epoch 189 | train_loss=0.000093 | train_mse=0.000068 | train_sobolev=0.002477 | val_loss=0.000021 | val_rel_l2=0.004519 | val_mae=0.663752 | time=16s
2026-06-26 17:46:48,059 | INFO | Epoch 190 | train_loss=0.000101 | train_mse=0.000081 | train_sobolev=0.001972 | val_loss=0.000036 | val_rel_l2=0.005455 | val_mae=0.723819 | time=14s
2026-06-26 17:47:03,686 | INFO | Epoch 191 | train_loss=0.000108 | train_mse=0.000082 | train_sobolev=0.002547 | val_loss=0.000078 | val_rel_l2=0.007497 | val_mae=1.274703 | time=15s
2026-06-26 17:47:18,866 | INFO | Epoch 192 | train_loss=0.000107 | train_mse=0.000085 | train_sobolev=0.002186 | val_loss=0.000067 | val_rel_l2=0.006663 | val_mae=1.002002 | time=15s
2026-06-26 17:47:33,739 | INFO | Epoch 193 | train_loss=0.001474 | train_mse=0.001344 | train_sobolev=0.013039 | val_loss=0.007405 | val_rel_l2=0.046052 | val_mae=8.505200 | time=14s
2026-06-26 17:47:49,487 | INFO | Epoch 194 | train_loss=0.000610 | train_mse=0.000529 | train_sobolev=0.008120 | val_loss=0.000047 | val_rel_l2=0.005815 | val_mae=0.826541 | time=15s
2026-06-26 17:48:05,603 | INFO | Epoch 195 | train_loss=0.000148 | train_mse=0.000116 | train_sobolev=0.003229 | val_loss=0.000047 | val_rel_l2=0.004681 | val_mae=0.842903 | time=16s
2026-06-26 17:48:21,395 | INFO | Epoch 196 | train_loss=0.000731 | train_mse=0.000635 | train_sobolev=0.009568 | val_loss=0.000042 | val_rel_l2=0.005282 | val_mae=0.813342 | time=15s
2026-06-26 17:48:33,419 | INFO | Epoch 197 | train_loss=0.000086 | train_mse=0.000057 | train_sobolev=0.002844 | val_loss=0.000017 | val_rel_l2=0.002972 | val_mae=0.479816 | time=11s
2026-06-26 17:48:46,417 | INFO | Epoch 198 | train_loss=0.000078 | train_mse=0.000056 | train_sobolev=0.002218 | val_loss=0.000013 | val_rel_l2=0.002900 | val_mae=0.439956 | time=12s
2026-06-26 17:48:59,138 | INFO | Epoch 199 | train_loss=0.000045 | train_mse=0.000029 | train_sobolev=0.001562 | val_loss=0.000013 | val_rel_l2=0.002818 | val_mae=0.473783 | time=12s
2026-06-26 17:49:11,601 | INFO | Epoch 200 | train_loss=0.000032 | train_mse=0.000020 | train_sobolev=0.001231 | val_loss=0.000013 | val_rel_l2=0.003235 | val_mae=0.475597 | time=12s
2026-06-26 17:49:24,931 | INFO | Epoch 201 | train_loss=0.000102 | train_mse=0.000072 | train_sobolev=0.003034 | val_loss=0.000020 | val_rel_l2=0.003934 | val_mae=0.582705 | time=13s
2026-06-26 17:49:36,711 | INFO | Epoch 202 | train_loss=0.000055 | train_mse=0.000037 | train_sobolev=0.001828 | val_loss=0.000030 | val_rel_l2=0.003726 | val_mae=0.642914 | time=11s
2026-06-26 17:49:48,710 | INFO | Epoch 203 | train_loss=0.000066 | train_mse=0.000045 | train_sobolev=0.002121 | val_loss=0.000016 | val_rel_l2=0.003945 | val_mae=0.526923 | time=11s
2026-06-26 17:50:01,559 | INFO | Epoch 204 | train_loss=0.000035 | train_mse=0.000021 | train_sobolev=0.001371 | val_loss=0.000003 | val_rel_l2=0.001694 | val_mae=0.228743 | time=12s
2026-06-26 17:50:12,580 | INFO | Epoch 205 | train_loss=0.000093 | train_mse=0.000064 | train_sobolev=0.002973 | val_loss=0.000153 | val_rel_l2=0.007144 | val_mae=1.604965 | time=10s
2026-06-26 17:50:24,546 | INFO | Epoch 206 | train_loss=0.000319 | train_mse=0.000238 | train_sobolev=0.008033 | val_loss=0.000146 | val_rel_l2=0.007341 | val_mae=1.422873 | time=11s
2026-06-26 17:50:37,200 | INFO | Epoch 207 | train_loss=0.000298 | train_mse=0.000249 | train_sobolev=0.004940 | val_loss=0.000971 | val_rel_l2=0.028055 | val_mae=4.085061 | time=12s
2026-06-26 17:50:49,015 | INFO | Epoch 208 | train_loss=0.000180 | train_mse=0.000145 | train_sobolev=0.003466 | val_loss=0.000029 | val_rel_l2=0.003729 | val_mae=0.646566 | time=11s
2026-06-26 17:51:01,820 | INFO | Epoch 209 | train_loss=0.000053 | train_mse=0.000040 | train_sobolev=0.001215 | val_loss=0.000017 | val_rel_l2=0.003202 | val_mae=0.515899 | time=12s
2026-06-26 17:51:13,575 | INFO | Epoch 210 | train_loss=0.000034 | train_mse=0.000021 | train_sobolev=0.001283 | val_loss=0.000012 | val_rel_l2=0.003143 | val_mae=0.455016 | time=11s
2026-06-26 17:51:26,695 | INFO | Epoch 211 | train_loss=0.000026 | train_mse=0.000016 | train_sobolev=0.001008 | val_loss=0.000008 | val_rel_l2=0.002484 | val_mae=0.355855 | time=13s
2026-06-26 17:51:39,286 | INFO | Epoch 212 | train_loss=0.000023 | train_mse=0.000013 | train_sobolev=0.000942 | val_loss=0.000011 | val_rel_l2=0.002844 | val_mae=0.370612 | time=12s
2026-06-26 17:51:51,347 | INFO | Epoch 213 | train_loss=0.000067 | train_mse=0.000048 | train_sobolev=0.001906 | val_loss=0.000048 | val_rel_l2=0.006183 | val_mae=0.900361 | time=12s
2026-06-26 17:52:03,266 | INFO | Epoch 214 | train_loss=0.000743 | train_mse=0.000632 | train_sobolev=0.011105 | val_loss=0.000818 | val_rel_l2=0.022452 | val_mae=3.654540 | time=11s
2026-06-26 17:52:15,751 | INFO | Epoch 215 | train_loss=0.000134 | train_mse=0.000105 | train_sobolev=0.002944 | val_loss=0.000006 | val_rel_l2=0.002274 | val_mae=0.321266 | time=12s
2026-06-26 17:52:28,056 | INFO | Epoch 216 | train_loss=0.000047 | train_mse=0.000029 | train_sobolev=0.001826 | val_loss=0.000011 | val_rel_l2=0.002615 | val_mae=0.365431 | time=12s
2026-06-26 17:52:40,291 | INFO | Epoch 217 | train_loss=0.000034 | train_mse=0.000024 | train_sobolev=0.001063 | val_loss=0.000012 | val_rel_l2=0.003582 | val_mae=0.489940 | time=12s
2026-06-26 17:52:52,916 | INFO | Epoch 218 | train_loss=0.000129 | train_mse=0.000088 | train_sobolev=0.004095 | val_loss=0.000009 | val_rel_l2=0.002955 | val_mae=0.395797 | time=12s
2026-06-26 17:53:04,613 | INFO | Epoch 219 | train_loss=0.000033 | train_mse=0.000022 | train_sobolev=0.001109 | val_loss=0.000023 | val_rel_l2=0.003200 | val_mae=0.500623 | time=11s
2026-06-26 17:53:16,572 | INFO | Epoch 220 | train_loss=0.000087 | train_mse=0.000063 | train_sobolev=0.002413 | val_loss=0.000079 | val_rel_l2=0.006067 | val_mae=0.922836 | time=11s
2026-06-26 17:53:28,496 | INFO | Epoch 221 | train_loss=0.000055 | train_mse=0.000042 | train_sobolev=0.001363 | val_loss=0.000020 | val_rel_l2=0.003255 | val_mae=0.584902 | time=11s
2026-06-26 17:53:40,674 | INFO | Epoch 222 | train_loss=0.000184 | train_mse=0.000145 | train_sobolev=0.003863 | val_loss=0.000055 | val_rel_l2=0.005553 | val_mae=0.967686 | time=12s
2026-06-26 17:53:54,057 | INFO | Epoch 223 | train_loss=0.000209 | train_mse=0.000178 | train_sobolev=0.003123 | val_loss=0.000014 | val_rel_l2=0.003280 | val_mae=0.474019 | time=13s
2026-06-26 17:54:06,541 | INFO | Epoch 224 | train_loss=0.000107 | train_mse=0.000078 | train_sobolev=0.002824 | val_loss=0.000011 | val_rel_l2=0.002924 | val_mae=0.438859 | time=12s
2026-06-26 17:54:19,094 | INFO | Epoch 225 | train_loss=0.000057 | train_mse=0.000041 | train_sobolev=0.001579 | val_loss=0.000018 | val_rel_l2=0.002686 | val_mae=0.512640 | time=12s
2026-06-26 17:54:31,301 | INFO | Epoch 226 | train_loss=0.000041 | train_mse=0.000030 | train_sobolev=0.001121 | val_loss=0.000007 | val_rel_l2=0.002116 | val_mae=0.314099 | time=12s
2026-06-26 17:54:43,601 | INFO | Epoch 227 | train_loss=0.000025 | train_mse=0.000016 | train_sobolev=0.000984 | val_loss=0.000016 | val_rel_l2=0.002940 | val_mae=0.476845 | time=12s
2026-06-26 17:54:55,542 | INFO | Epoch 228 | train_loss=0.000034 | train_mse=0.000026 | train_sobolev=0.000879 | val_loss=0.000012 | val_rel_l2=0.002654 | val_mae=0.391378 | time=11s
2026-06-26 17:55:07,933 | INFO | Epoch 229 | train_loss=0.000020 | train_mse=0.000011 | train_sobolev=0.000882 | val_loss=0.000006 | val_rel_l2=0.001765 | val_mae=0.312028 | time=12s
2026-06-26 17:55:20,180 | INFO | Epoch 230 | train_loss=0.000027 | train_mse=0.000017 | train_sobolev=0.000949 | val_loss=0.000122 | val_rel_l2=0.007076 | val_mae=1.112680 | time=12s
2026-06-26 17:55:32,889 | INFO | Epoch 231 | train_loss=0.000075 | train_mse=0.000060 | train_sobolev=0.001452 | val_loss=0.000078 | val_rel_l2=0.008336 | val_mae=1.285382 | time=12s
2026-06-26 17:55:45,333 | INFO | Epoch 232 | train_loss=0.000155 | train_mse=0.000127 | train_sobolev=0.002810 | val_loss=0.000027 | val_rel_l2=0.004626 | val_mae=0.621741 | time=12s
2026-06-26 17:55:58,311 | INFO | Epoch 233 | train_loss=0.000058 | train_mse=0.000046 | train_sobolev=0.001231 | val_loss=0.000029 | val_rel_l2=0.003989 | val_mae=0.647887 | time=12s
2026-06-26 17:56:11,513 | INFO | Epoch 234 | train_loss=0.000023 | train_mse=0.000014 | train_sobolev=0.000889 | val_loss=0.000008 | val_rel_l2=0.001805 | val_mae=0.292899 | time=13s
2026-06-26 17:56:23,592 | INFO | Epoch 235 | train_loss=0.000023 | train_mse=0.000013 | train_sobolev=0.000941 | val_loss=0.000030 | val_rel_l2=0.003213 | val_mae=0.600479 | time=12s
2026-06-26 17:56:35,908 | INFO | Epoch 236 | train_loss=0.000021 | train_mse=0.000013 | train_sobolev=0.000834 | val_loss=0.000006 | val_rel_l2=0.001582 | val_mae=0.277064 | time=12s
2026-06-26 17:56:49,055 | INFO | Epoch 237 | train_loss=0.000102 | train_mse=0.000076 | train_sobolev=0.002638 | val_loss=0.000062 | val_rel_l2=0.004810 | val_mae=0.884841 | time=13s
2026-06-26 17:57:01,638 | INFO | Epoch 238 | train_loss=0.000066 | train_mse=0.000044 | train_sobolev=0.002216 | val_loss=0.000009 | val_rel_l2=0.002783 | val_mae=0.405008 | time=12s
2026-06-26 17:57:13,350 | INFO | Epoch 239 | train_loss=0.000025 | train_mse=0.000015 | train_sobolev=0.000979 | val_loss=0.000007 | val_rel_l2=0.002368 | val_mae=0.362848 | time=11s
2026-06-26 17:57:25,423 | INFO | Epoch 240 | train_loss=0.000023 | train_mse=0.000016 | train_sobolev=0.000688 | val_loss=0.000006 | val_rel_l2=0.002002 | val_mae=0.307586 | time=12s
2026-06-26 17:57:38,512 | INFO | Epoch 241 | train_loss=0.000055 | train_mse=0.000040 | train_sobolev=0.001473 | val_loss=0.000046 | val_rel_l2=0.004127 | val_mae=0.791677 | time=13s
2026-06-26 17:57:50,457 | INFO | Epoch 242 | train_loss=0.000050 | train_mse=0.000039 | train_sobolev=0.001094 | val_loss=0.000019 | val_rel_l2=0.002472 | val_mae=0.450514 | time=11s
2026-06-26 17:58:02,514 | INFO | Epoch 243 | train_loss=0.000015 | train_mse=0.000009 | train_sobolev=0.000648 | val_loss=0.000007 | val_rel_l2=0.002434 | val_mae=0.341419 | time=11s
2026-06-26 17:58:14,850 | INFO | Epoch 244 | train_loss=0.000015 | train_mse=0.000009 | train_sobolev=0.000614 | val_loss=0.000010 | val_rel_l2=0.002054 | val_mae=0.328661 | time=12s
2026-06-26 17:58:27,122 | INFO | Epoch 245 | train_loss=0.000023 | train_mse=0.000015 | train_sobolev=0.000798 | val_loss=0.000011 | val_rel_l2=0.002375 | val_mae=0.386475 | time=12s
2026-06-26 17:58:39,258 | INFO | Epoch 246 | train_loss=0.000025 | train_mse=0.000014 | train_sobolev=0.001058 | val_loss=0.000003 | val_rel_l2=0.001493 | val_mae=0.197953 | time=12s
2026-06-26 17:58:51,313 | INFO | Epoch 247 | train_loss=0.000016 | train_mse=0.000009 | train_sobolev=0.000714 | val_loss=0.000004 | val_rel_l2=0.001694 | val_mae=0.253562 | time=11s
2026-06-26 17:59:03,067 | INFO | Epoch 248 | train_loss=0.000096 | train_mse=0.000083 | train_sobolev=0.001360 | val_loss=0.000014 | val_rel_l2=0.003357 | val_mae=0.484490 | time=11s
2026-06-26 17:59:14,932 | INFO | Epoch 249 | train_loss=0.000072 | train_mse=0.000041 | train_sobolev=0.003125 | val_loss=0.000009 | val_rel_l2=0.002670 | val_mae=0.392946 | time=11s
2026-06-26 17:59:27,046 | INFO | Epoch 250 | train_loss=0.000014 | train_mse=0.000008 | train_sobolev=0.000614 | val_loss=0.000003 | val_rel_l2=0.001423 | val_mae=0.219502 | time=12s
2026-06-26 17:59:38,763 | INFO | Epoch 251 | train_loss=0.000012 | train_mse=0.000006 | train_sobolev=0.000589 | val_loss=0.000002 | val_rel_l2=0.001151 | val_mae=0.167586 | time=11s
2026-06-26 17:59:51,966 | INFO | Epoch 252 | train_loss=0.000012 | train_mse=0.000007 | train_sobolev=0.000556 | val_loss=0.000005 | val_rel_l2=0.002009 | val_mae=0.259029 | time=13s
2026-06-26 18:00:04,493 | INFO | Epoch 253 | train_loss=0.000015 | train_mse=0.000009 | train_sobolev=0.000552 | val_loss=0.000017 | val_rel_l2=0.002626 | val_mae=0.450686 | time=12s
2026-06-26 18:00:16,308 | INFO | Epoch 254 | train_loss=0.000013 | train_mse=0.000007 | train_sobolev=0.000530 | val_loss=0.000003 | val_rel_l2=0.001609 | val_mae=0.247578 | time=11s
2026-06-26 18:00:28,246 | INFO | Epoch 255 | train_loss=0.000043 | train_mse=0.000025 | train_sobolev=0.001831 | val_loss=0.000028 | val_rel_l2=0.003326 | val_mae=0.693386 | time=11s
2026-06-26 18:00:40,603 | INFO | Epoch 256 | train_loss=0.000016 | train_mse=0.000011 | train_sobolev=0.000539 | val_loss=0.000069 | val_rel_l2=0.004948 | val_mae=0.917838 | time=12s
2026-06-26 18:00:52,878 | INFO | Epoch 257 | train_loss=0.000023 | train_mse=0.000016 | train_sobolev=0.000699 | val_loss=0.000013 | val_rel_l2=0.001885 | val_mae=0.428225 | time=12s
2026-06-26 18:01:06,288 | INFO | Epoch 258 | train_loss=0.000012 | train_mse=0.000006 | train_sobolev=0.000520 | val_loss=0.000009 | val_rel_l2=0.002058 | val_mae=0.381417 | time=13s
2026-06-26 18:01:19,079 | INFO | Epoch 259 | train_loss=0.000010 | train_mse=0.000005 | train_sobolev=0.000498 | val_loss=0.000003 | val_rel_l2=0.001728 | val_mae=0.216678 | time=12s
2026-06-26 18:01:30,490 | INFO | Epoch 260 | train_loss=0.000009 | train_mse=0.000004 | train_sobolev=0.000507 | val_loss=0.000002 | val_rel_l2=0.001093 | val_mae=0.159095 | time=11s
2026-06-26 18:01:42,360 | INFO | Epoch 261 | train_loss=0.000010 | train_mse=0.000005 | train_sobolev=0.000508 | val_loss=0.000006 | val_rel_l2=0.002249 | val_mae=0.270577 | time=11s
2026-06-26 18:01:54,661 | INFO | Epoch 262 | train_loss=0.000013 | train_mse=0.000006 | train_sobolev=0.000628 | val_loss=0.000004 | val_rel_l2=0.001658 | val_mae=0.253423 | time=12s
2026-06-26 18:02:06,566 | INFO | Epoch 263 | train_loss=0.000014 | train_mse=0.000008 | train_sobolev=0.000624 | val_loss=0.000006 | val_rel_l2=0.001955 | val_mae=0.317539 | time=11s
2026-06-26 18:02:18,593 | INFO | Epoch 264 | train_loss=0.000012 | train_mse=0.000006 | train_sobolev=0.000594 | val_loss=0.000006 | val_rel_l2=0.001998 | val_mae=0.299878 | time=11s
2026-06-26 18:02:31,115 | INFO | Epoch 265 | train_loss=0.000011 | train_mse=0.000006 | train_sobolev=0.000498 | val_loss=0.000003 | val_rel_l2=0.001413 | val_mae=0.224524 | time=12s
2026-06-26 18:02:42,939 | INFO | Epoch 266 | train_loss=0.000015 | train_mse=0.000010 | train_sobolev=0.000573 | val_loss=0.000002 | val_rel_l2=0.001214 | val_mae=0.192425 | time=11s
2026-06-26 18:02:55,046 | INFO | Epoch 267 | train_loss=0.000009 | train_mse=0.000004 | train_sobolev=0.000492 | val_loss=0.000003 | val_rel_l2=0.001378 | val_mae=0.220360 | time=12s
2026-06-26 18:03:07,183 | INFO | Epoch 268 | train_loss=0.000011 | train_mse=0.000006 | train_sobolev=0.000553 | val_loss=0.000004 | val_rel_l2=0.001737 | val_mae=0.254301 | time=12s
2026-06-26 18:03:22,624 | INFO | Epoch 269 | train_loss=0.000024 | train_mse=0.000011 | train_sobolev=0.001248 | val_loss=0.000005 | val_rel_l2=0.001587 | val_mae=0.272433 | time=15s
2026-06-26 18:03:36,154 | INFO | Epoch 270 | train_loss=0.000033 | train_mse=0.000020 | train_sobolev=0.001302 | val_loss=0.000004 | val_rel_l2=0.001452 | val_mae=0.220057 | time=13s
2026-06-26 18:03:48,328 | INFO | Epoch 271 | train_loss=0.000009 | train_mse=0.000004 | train_sobolev=0.000471 | val_loss=0.000003 | val_rel_l2=0.001751 | val_mae=0.246634 | time=12s
2026-06-26 18:04:00,335 | INFO | Epoch 272 | train_loss=0.000009 | train_mse=0.000004 | train_sobolev=0.000483 | val_loss=0.000004 | val_rel_l2=0.001441 | val_mae=0.239072 | time=11s
2026-06-26 18:04:14,704 | INFO | Epoch 273 | train_loss=0.000009 | train_mse=0.000004 | train_sobolev=0.000452 | val_loss=0.000004 | val_rel_l2=0.001757 | val_mae=0.263853 | time=14s
2026-06-26 18:04:30,055 | INFO | Epoch 274 | train_loss=0.000012 | train_mse=0.000006 | train_sobolev=0.000545 | val_loss=0.000002 | val_rel_l2=0.001151 | val_mae=0.169447 | time=15s
2026-06-26 18:04:44,811 | INFO | Epoch 275 | train_loss=0.000007 | train_mse=0.000003 | train_sobolev=0.000430 | val_loss=0.000002 | val_rel_l2=0.001329 | val_mae=0.169448 | time=14s
2026-06-26 18:05:00,603 | INFO | Epoch 276 | train_loss=0.000007 | train_mse=0.000003 | train_sobolev=0.000407 | val_loss=0.000002 | val_rel_l2=0.001261 | val_mae=0.193792 | time=15s
2026-06-26 18:05:15,155 | INFO | Epoch 277 | train_loss=0.000009 | train_mse=0.000004 | train_sobolev=0.000482 | val_loss=0.000002 | val_rel_l2=0.001048 | val_mae=0.160696 | time=14s
2026-06-26 18:05:29,559 | INFO | Epoch 278 | train_loss=0.000008 | train_mse=0.000003 | train_sobolev=0.000437 | val_loss=0.000003 | val_rel_l2=0.001329 | val_mae=0.221595 | time=14s
2026-06-26 18:05:44,854 | INFO | Epoch 279 | train_loss=0.000011 | train_mse=0.000004 | train_sobolev=0.000606 | val_loss=0.000004 | val_rel_l2=0.001787 | val_mae=0.270792 | time=15s
2026-06-26 18:05:59,592 | INFO | Epoch 280 | train_loss=0.000014 | train_mse=0.000006 | train_sobolev=0.000757 | val_loss=0.000004 | val_rel_l2=0.001694 | val_mae=0.270486 | time=14s
2026-06-26 18:06:14,146 | INFO | Epoch 281 | train_loss=0.000008 | train_mse=0.000004 | train_sobolev=0.000436 | val_loss=0.000002 | val_rel_l2=0.001105 | val_mae=0.160507 | time=14s
2026-06-26 18:06:28,621 | INFO | Epoch 282 | train_loss=0.000007 | train_mse=0.000003 | train_sobolev=0.000409 | val_loss=0.000003 | val_rel_l2=0.001336 | val_mae=0.218238 | time=14s
2026-06-26 18:06:43,572 | INFO | Epoch 283 | train_loss=0.000007 | train_mse=0.000003 | train_sobolev=0.000433 | val_loss=0.000002 | val_rel_l2=0.001132 | val_mae=0.182587 | time=14s
2026-06-26 18:06:58,432 | INFO | Epoch 284 | train_loss=0.000014 | train_mse=0.000007 | train_sobolev=0.000707 | val_loss=0.000003 | val_rel_l2=0.001576 | val_mae=0.233521 | time=14s
2026-06-26 18:07:12,955 | INFO | Epoch 285 | train_loss=0.000007 | train_mse=0.000003 | train_sobolev=0.000392 | val_loss=0.000002 | val_rel_l2=0.001237 | val_mae=0.187858 | time=14s
2026-06-26 18:07:28,256 | INFO | Epoch 286 | train_loss=0.000008 | train_mse=0.000003 | train_sobolev=0.000449 | val_loss=0.000002 | val_rel_l2=0.001266 | val_mae=0.199354 | time=15s
2026-06-26 18:07:43,917 | INFO | Epoch 287 | train_loss=0.000007 | train_mse=0.000003 | train_sobolev=0.000392 | val_loss=0.000003 | val_rel_l2=0.001356 | val_mae=0.236002 | time=15s
2026-06-26 18:07:56,111 | INFO | Epoch 288 | train_loss=0.000008 | train_mse=0.000003 | train_sobolev=0.000488 | val_loss=0.000001 | val_rel_l2=0.000902 | val_mae=0.130931 | time=12s
2026-06-26 18:08:08,340 | INFO | Epoch 289 | train_loss=0.000007 | train_mse=0.000003 | train_sobolev=0.000390 | val_loss=0.000001 | val_rel_l2=0.000946 | val_mae=0.133862 | time=12s
2026-06-26 18:08:20,211 | INFO | Epoch 290 | train_loss=0.000006 | train_mse=0.000002 | train_sobolev=0.000371 | val_loss=0.000002 | val_rel_l2=0.001276 | val_mae=0.182331 | time=11s
2026-06-26 18:08:32,689 | INFO | Epoch 291 | train_loss=0.000007 | train_mse=0.000003 | train_sobolev=0.000388 | val_loss=0.000002 | val_rel_l2=0.001137 | val_mae=0.178460 | time=12s
2026-06-26 18:08:45,136 | INFO | Epoch 292 | train_loss=0.000025 | train_mse=0.000012 | train_sobolev=0.001358 | val_loss=0.000002 | val_rel_l2=0.001092 | val_mae=0.151389 | time=12s
2026-06-26 18:08:57,520 | INFO | Epoch 293 | train_loss=0.000024 | train_mse=0.000009 | train_sobolev=0.001522 | val_loss=0.000001 | val_rel_l2=0.001077 | val_mae=0.146349 | time=12s
2026-06-26 18:09:09,419 | INFO | Epoch 294 | train_loss=0.000008 | train_mse=0.000003 | train_sobolev=0.000525 | val_loss=0.000001 | val_rel_l2=0.001012 | val_mae=0.140048 | time=11s
2026-06-26 18:09:21,713 | INFO | Epoch 295 | train_loss=0.000006 | train_mse=0.000002 | train_sobolev=0.000375 | val_loss=0.000002 | val_rel_l2=0.001192 | val_mae=0.190032 | time=12s
2026-06-26 18:09:34,000 | INFO | Epoch 296 | train_loss=0.000007 | train_mse=0.000003 | train_sobolev=0.000442 | val_loss=0.000002 | val_rel_l2=0.001078 | val_mae=0.161341 | time=12s
2026-06-26 18:09:46,001 | INFO | Epoch 297 | train_loss=0.000007 | train_mse=0.000003 | train_sobolev=0.000427 | val_loss=0.000001 | val_rel_l2=0.000868 | val_mae=0.122425 | time=11s
2026-06-26 18:09:58,077 | INFO | Epoch 298 | train_loss=0.000007 | train_mse=0.000003 | train_sobolev=0.000466 | val_loss=0.000002 | val_rel_l2=0.001122 | val_mae=0.171389 | time=11s
2026-06-26 18:10:10,168 | INFO | Epoch 299 | train_loss=0.000007 | train_mse=0.000003 | train_sobolev=0.000440 | val_loss=0.000001 | val_rel_l2=0.001034 | val_mae=0.147170 | time=11s
2026-06-26 18:10:21,790 | INFO | Epoch 300 | train_loss=0.000006 | train_mse=0.000003 | train_sobolev=0.000394 | val_loss=0.000002 | val_rel_l2=0.001300 | val_mae=0.184412 | time=11s
2026-06-26 18:11:36,496 | INFO | Training complete. Best epoch: 297
2026-06-26 18:11:36,496 | INFO | Final metrics | val_rel_l2=0.000868 | test_rel_l2=0.001027 | test_mae=0.132011 | elapsed=1h09m02s
